// Jest Snapshot v1, https://goo.gl/fbAQLP

exports[`App ::  should render App with defaults 1`] = `
<div>
  <h1>
    Loading.. please wait!
  </h1>
</div>
`;
